
> my-v0-project@0.1.0 build
> next build

[baseline-browser-mapping] The data in this module is over two months old.  To ensure accurate Baseline data, please update: `npm i baseline-browser-mapping@latest -D`
   ▲ Next.js 16.0.0 (Turbopack)
   - Environments: .env.local
   - Experiments (use with caution):
     · optimizePackageImports

   Creating an optimized production build ...
[baseline-browser-mapping] The data in this module is over two months old.  To ensure accurate Baseline data, please update: `npm i baseline-browser-mapping@latest -D`

> Build error occurred
Error: Turbopack build failed with 1 errors:
./node_modules/recharts/es6/util/ReactUtils.js:3:1
Module not found: Can't resolve 'react-is'
[0m [90m 1 |[39m [36mimport[39m [36mget[39m [36mfrom[39m [32m'es-toolkit/compat/get'[39m[33m;[39m
 [90m 2 |[39m [36mimport[39m { [33mChildren[39m } [36mfrom[39m [32m'react'[39m[33m;[39m
[31m[1m>[22m[39m[90m 3 |[39m [36mimport[39m { isFragment } [36mfrom[39m [32m'react-is'[39m[33m;[39m
 [90m   |[39m [31m[1m^[22m[39m[31m[1m^[22m[39m[31m[1m^[22m[39m[31m[1m^[22m[39m[31m[1m^[22m[39m[31m[1m^[22m[39m[31m[1m^[22m[39m[31m[1m^[22m[39m[31m[1m^[22m[39m[31m[1m^[22m[39m[31m[1m^[22m[39m[31m[1m^[22m[39m[31m[1m^[22m[39m[31m[1m^[22m[39m[31m[1m^[22m[39m[31m[1m^[22m[39m[31m[1m^[22m[39m[31m[1m^[22m[39m[31m[1m^[22m[39m[31m[1m^[22m[39m[31m[1m^[22m[39m[31m[1m^[22m[39m[31m[1m^[22m[39m[31m[1m^[22m[39m[31m[1m^[22m[39m[31m[1m^[22m[39m[31m[1m^[22m[39m[31m[1m^[22m[39m[31m[1m^[22m[39m[31m[1m^[22m[39m[31m[1m^[22m[39m[31m[1m^[22m[39m[31m[1m^[22m[39m[31m[1m^[22m[39m[31m[1m^[22m[39m[31m[1m^[22m[39m[31m[1m^[22m[39m[31m[1m^[22m[39m
 [90m 4 |[39m [36mimport[39m { isNullish } [36mfrom[39m [32m'./DataUtils'[39m[33m;[39m
 [90m 5 |[39m [36mexport[39m [36mvar[39m [33mSCALE_TYPES[39m [33m=[39m [[32m'auto'[39m[33m,[39m [32m'linear'[39m[33m,[39m [32m'pow'[39m[33m,[39m [32m'sqrt'[39m[33m,[39m [32m'log'[39m[33m,[39m [32m'identity'[39m[33m,[39m [32m'time'[39m[33m,[39m [32m'band'[39m[33m,[39m [32m'point'[39m[33m,[39m [32m'ordinal'[39m[33m,[39m [32m'quantile'[39m[33m,[39m [32m'quantize'[39m[33m,[39m [32m'utc'[39m[33m,[39m [32m'sequential'[39m[33m,[39m [32m'threshold'[39m][33m;[39m
 [90m 6 |[39m[0m



Import traces:
  Client Component Browser:
    ./node_modules/recharts/es6/util/ReactUtils.js [Client Component Browser]
    ./node_modules/recharts/es6/polar/Pie.js [Client Component Browser]
    ./app/asha/analytics/page.tsx [Client Component Browser]
    ./app/asha/analytics/page.tsx [Server Component]

  Client Component SSR:
    ./node_modules/recharts/es6/util/ReactUtils.js [Client Component SSR]
    ./node_modules/recharts/es6/polar/Pie.js [Client Component SSR]
    ./app/asha/analytics/page.tsx [Client Component SSR]
    ./app/asha/analytics/page.tsx [Server Component]

https://nextjs.org/docs/messages/module-not-found


    at <unknown> (https://nextjs.org/docs/messages/module-not-found)
